#-----------------------------------------------------------
# Vivado v2016.4 (64-bit)
# SW Build 1756540 on Mon Jan 23 19:11:23 MST 2017
# IP Build 1755317 on Mon Jan 23 20:30:07 MST 2017
# Start of session at: Mon Sep 18 14:44:16 2017
# Process ID: 10064
# Current directory: E:/CS/column-layer/pj_column_layer
# Command line: vivado.exe -gui_launcher_event rodinguilauncherevent9244 E:\CS\column-layer\pj_column_layer\pj_column_layer.xpr
# Log file: E:/CS/column-layer/pj_column_layer/vivado.log
# Journal file: E:/CS/column-layer/pj_column_layer\vivado.jou
#-----------------------------------------------------------
start_gui
open_project E:/CS/column-layer/pj_column_layer/pj_column_layer.xpr
launch_runs synth_1 -jobs 12
wait_on_run synth_1
open_run synth_1 -name synth_1
create_clock -period 16.000 -name clk -waveform {0.000 8.000} [get_ports clk]
report_timing_summary -delay_type min_max -report_unconstrained -check_timing_verbose -max_paths 10 -input_pins -name timing_1
file mkdir E:/CS/column-layer/pj_column_layer/pj_column_layer.srcs/constrs_1/new
close [ open E:/CS/column-layer/pj_column_layer/pj_column_layer.srcs/constrs_1/new/const.xdc w ]
add_files -fileset constrs_1 E:/CS/column-layer/pj_column_layer/pj_column_layer.srcs/constrs_1/new/const.xdc
set_property target_constrs_file E:/CS/column-layer/pj_column_layer/pj_column_layer.srcs/constrs_1/new/const.xdc [current_fileset -constrset]
save_constraints -force
reset_run synth_1
launch_runs impl_1 -jobs 12
wait_on_run impl_1
reset_run impl_1
reset_run synth_1
launch_runs synth_1 -jobs 12
wait_on_run synth_1
refresh_design
report_timing_summary -delay_type min_max -report_unconstrained -check_timing_verbose -max_paths 10 -input_pins -name timing_1
report_timing_summary -delay_type min_max -report_unconstrained -check_timing_verbose -max_paths 10 -input_pins -name timing_2
report_timing_summary -delay_type min_max -report_unconstrained -check_timing_verbose -max_paths 10 -input_pins -name timing_2
